------------------------------------------------------------
Timing Analyzer Summary
------------------------------------------------------------

Type  : Slow 1200mV 85C Model Setup 'Clock'
Slack : -3.569
TNS   : -18.603

Type  : Slow 1200mV 85C Model Setup 'clk_scki'
Slack : -0.165
TNS   : -0.165

Type  : Slow 1200mV 85C Model Setup 'clk_virtual'
Slack : -0.149
TNS   : -0.149

Type  : Slow 1200mV 85C Model Setup 'int_osc_clk'
Slack : 6.137
TNS   : 0.000

Type  : Slow 1200mV 85C Model Hold 'Clock'
Slack : 0.341
TNS   : 0.000

Type  : Slow 1200mV 85C Model Hold 'clk_scki'
Slack : 0.364
TNS   : 0.000

Type  : Slow 1200mV 85C Model Hold 'int_osc_clk'
Slack : 0.473
TNS   : 0.000

Type  : Slow 1200mV 85C Model Hold 'clk_virtual'
Slack : 56.937
TNS   : 0.000

Type  : Slow 1200mV 85C Model Recovery 'Clock'
Slack : 26.975
TNS   : 0.000

Type  : Slow 1200mV 85C Model Removal 'Clock'
Slack : 1.027
TNS   : 0.000

Type  : Slow 1200mV 85C Model Minimum Pulse Width 'int_osc_clk'
Slack : 4.080
TNS   : 0.000

Type  : Slow 1200mV 85C Model Minimum Pulse Width 'Clock'
Slack : 29.163
TNS   : 0.000

Type  : Slow 1200mV 85C Model Minimum Pulse Width 'clk_scki'
Slack : 30.881
TNS   : 0.000

Type  : Slow 1200mV 85C Model Minimum Pulse Width 'uc_top_wrp_vlog_inst|flashload_inst|flash_inst|onchip_flash_0|altera_onchip_flash_block|ufm_block|osc'
Slack : 90.687
TNS   : 0.000

Type  : Slow 1200mV 85C Model Minimum Pulse Width 'clocks_inst|pll_inst|altpll_component|auto_generated|pll1|clk[0]'
Slack : 244.781
TNS   : 0.000

Type  : Slow 1200mV 0C Model Setup 'Clock'
Slack : -3.439
TNS   : -18.070

Type  : Slow 1200mV 0C Model Setup 'clk_scki'
Slack : 0.655
TNS   : 0.000

Type  : Slow 1200mV 0C Model Setup 'clk_virtual'
Slack : 0.961
TNS   : 0.000

Type  : Slow 1200mV 0C Model Setup 'int_osc_clk'
Slack : 6.378
TNS   : 0.000

Type  : Slow 1200mV 0C Model Hold 'Clock'
Slack : 0.305
TNS   : 0.000

Type  : Slow 1200mV 0C Model Hold 'clk_scki'
Slack : 0.326
TNS   : 0.000

Type  : Slow 1200mV 0C Model Hold 'int_osc_clk'
Slack : 0.448
TNS   : 0.000

Type  : Slow 1200mV 0C Model Hold 'clk_virtual'
Slack : 56.339
TNS   : 0.000

Type  : Slow 1200mV 0C Model Recovery 'Clock'
Slack : 27.240
TNS   : 0.000

Type  : Slow 1200mV 0C Model Removal 'Clock'
Slack : 0.945
TNS   : 0.000

Type  : Slow 1200mV 0C Model Minimum Pulse Width 'int_osc_clk'
Slack : 4.085
TNS   : 0.000

Type  : Slow 1200mV 0C Model Minimum Pulse Width 'Clock'
Slack : 29.119
TNS   : 0.000

Type  : Slow 1200mV 0C Model Minimum Pulse Width 'clk_scki'
Slack : 30.810
TNS   : 0.000

Type  : Slow 1200mV 0C Model Minimum Pulse Width 'uc_top_wrp_vlog_inst|flashload_inst|flash_inst|onchip_flash_0|altera_onchip_flash_block|ufm_block|osc'
Slack : 90.681
TNS   : 0.000

Type  : Slow 1200mV 0C Model Minimum Pulse Width 'clocks_inst|pll_inst|altpll_component|auto_generated|pll1|clk[0]'
Slack : 244.884
TNS   : 0.000

Type  : Fast 1200mV 0C Model Setup 'Clock'
Slack : -1.857
TNS   : -8.879

Type  : Fast 1200mV 0C Model Setup 'clk_virtual'
Slack : 5.512
TNS   : 0.000

Type  : Fast 1200mV 0C Model Setup 'clk_scki'
Slack : 5.760
TNS   : 0.000

Type  : Fast 1200mV 0C Model Setup 'int_osc_clk'
Slack : 7.671
TNS   : 0.000

Type  : Fast 1200mV 0C Model Hold 'Clock'
Slack : -0.077
TNS   : -0.152

Type  : Fast 1200mV 0C Model Hold 'clk_scki'
Slack : 0.154
TNS   : 0.000

Type  : Fast 1200mV 0C Model Hold 'int_osc_clk'
Slack : 0.170
TNS   : 0.000

Type  : Fast 1200mV 0C Model Hold 'clk_virtual'
Slack : 53.334
TNS   : 0.000

Type  : Fast 1200mV 0C Model Recovery 'Clock'
Slack : 29.414
TNS   : 0.000

Type  : Fast 1200mV 0C Model Removal 'Clock'
Slack : 0.423
TNS   : 0.000

Type  : Fast 1200mV 0C Model Minimum Pulse Width 'int_osc_clk'
Slack : 4.091
TNS   : 0.000

Type  : Fast 1200mV 0C Model Minimum Pulse Width 'Clock'
Slack : 28.687
TNS   : 0.000

Type  : Fast 1200mV 0C Model Minimum Pulse Width 'clk_scki'
Slack : 30.932
TNS   : 0.000

Type  : Fast 1200mV 0C Model Minimum Pulse Width 'uc_top_wrp_vlog_inst|flashload_inst|flash_inst|onchip_flash_0|altera_onchip_flash_block|ufm_block|osc'
Slack : 90.680
TNS   : 0.000

Type  : Fast 1200mV 0C Model Minimum Pulse Width 'clocks_inst|pll_inst|altpll_component|auto_generated|pll1|clk[0]'
Slack : 244.902
TNS   : 0.000

------------------------------------------------------------
