------------------------------------------------------------
Timing Analyzer Summary
------------------------------------------------------------

Type  : Slow 1200mV 85C Model Setup 'Clock'
Slack : -2.555
TNS   : -11.810

Type  : Slow 1200mV 85C Model Setup 'clk_scki'
Slack : 1.178
TNS   : 0.000

Type  : Slow 1200mV 85C Model Setup 'clk_virtual'
Slack : 1.486
TNS   : 0.000

Type  : Slow 1200mV 85C Model Setup 'int_osc_clk'
Slack : 5.643
TNS   : 0.000

Type  : Slow 1200mV 85C Model Hold 'Clock'
Slack : 0.205
TNS   : 0.000

Type  : Slow 1200mV 85C Model Hold 'clk_scki'
Slack : 0.362
TNS   : 0.000

Type  : Slow 1200mV 85C Model Hold 'int_osc_clk'
Slack : 0.692
TNS   : 0.000

Type  : Slow 1200mV 85C Model Hold 'clk_virtual'
Slack : 56.814
TNS   : 0.000

Type  : Slow 1200mV 85C Model Recovery 'Clock'
Slack : 26.248
TNS   : 0.000

Type  : Slow 1200mV 85C Model Removal 'Clock'
Slack : 1.010
TNS   : 0.000

Type  : Slow 1200mV 85C Model Minimum Pulse Width 'int_osc_clk'
Slack : 4.085
TNS   : 0.000

Type  : Slow 1200mV 85C Model Minimum Pulse Width 'Clock'
Slack : 29.146
TNS   : 0.000

Type  : Slow 1200mV 85C Model Minimum Pulse Width 'clk_scki'
Slack : 30.919
TNS   : 0.000

Type  : Slow 1200mV 85C Model Minimum Pulse Width 'uc_top_wrp_vlog_inst|flashload_inst|flash_inst|onchip_flash_0|altera_onchip_flash_block|ufm_block|osc'
Slack : 90.689
TNS   : 0.000

Type  : Slow 1200mV 85C Model Minimum Pulse Width 'clocks_inst|pll_inst|altpll_component|auto_generated|pll1|clk[0]'
Slack : 244.780
TNS   : 0.000

Type  : Slow 1200mV 0C Model Setup 'Clock'
Slack : -2.467
TNS   : -11.494

Type  : Slow 1200mV 0C Model Setup 'clk_scki'
Slack : 1.896
TNS   : 0.000

Type  : Slow 1200mV 0C Model Setup 'clk_virtual'
Slack : 2.225
TNS   : 0.000

Type  : Slow 1200mV 0C Model Setup 'int_osc_clk'
Slack : 5.903
TNS   : 0.000

Type  : Slow 1200mV 0C Model Hold 'Clock'
Slack : 0.075
TNS   : 0.000

Type  : Slow 1200mV 0C Model Hold 'clk_scki'
Slack : 0.325
TNS   : 0.000

Type  : Slow 1200mV 0C Model Hold 'int_osc_clk'
Slack : 0.652
TNS   : 0.000

Type  : Slow 1200mV 0C Model Hold 'clk_virtual'
Slack : 56.214
TNS   : 0.000

Type  : Slow 1200mV 0C Model Recovery 'Clock'
Slack : 26.519
TNS   : 0.000

Type  : Slow 1200mV 0C Model Removal 'Clock'
Slack : 0.930
TNS   : 0.000

Type  : Slow 1200mV 0C Model Minimum Pulse Width 'int_osc_clk'
Slack : 4.071
TNS   : 0.000

Type  : Slow 1200mV 0C Model Minimum Pulse Width 'Clock'
Slack : 29.200
TNS   : 0.000

Type  : Slow 1200mV 0C Model Minimum Pulse Width 'clk_scki'
Slack : 30.834
TNS   : 0.000

Type  : Slow 1200mV 0C Model Minimum Pulse Width 'uc_top_wrp_vlog_inst|flashload_inst|flash_inst|onchip_flash_0|altera_onchip_flash_block|ufm_block|osc'
Slack : 90.676
TNS   : 0.000

Type  : Slow 1200mV 0C Model Minimum Pulse Width 'clocks_inst|pll_inst|altpll_component|auto_generated|pll1|clk[0]'
Slack : 244.884
TNS   : 0.000

Type  : Fast 1200mV 0C Model Setup 'Clock'
Slack : -1.384
TNS   : -5.740

Type  : Fast 1200mV 0C Model Setup 'clk_virtual'
Slack : 6.319
TNS   : 0.000

Type  : Fast 1200mV 0C Model Setup 'clk_scki'
Slack : 6.479
TNS   : 0.000

Type  : Fast 1200mV 0C Model Setup 'int_osc_clk'
Slack : 7.484
TNS   : 0.000

Type  : Fast 1200mV 0C Model Hold 'Clock'
Slack : -0.557
TNS   : -1.981

Type  : Fast 1200mV 0C Model Hold 'clk_scki'
Slack : 0.152
TNS   : 0.000

Type  : Fast 1200mV 0C Model Hold 'int_osc_clk'
Slack : 0.236
TNS   : 0.000

Type  : Fast 1200mV 0C Model Hold 'clk_virtual'
Slack : 53.204
TNS   : 0.000

Type  : Fast 1200mV 0C Model Recovery 'Clock'
Slack : 29.121
TNS   : 0.000

Type  : Fast 1200mV 0C Model Removal 'Clock'
Slack : 0.415
TNS   : 0.000

Type  : Fast 1200mV 0C Model Minimum Pulse Width 'int_osc_clk'
Slack : 4.058
TNS   : 0.000

Type  : Fast 1200mV 0C Model Minimum Pulse Width 'Clock'
Slack : 28.814
TNS   : 0.000

Type  : Fast 1200mV 0C Model Minimum Pulse Width 'clk_scki'
Slack : 30.937
TNS   : 0.000

Type  : Fast 1200mV 0C Model Minimum Pulse Width 'uc_top_wrp_vlog_inst|flashload_inst|flash_inst|onchip_flash_0|altera_onchip_flash_block|ufm_block|osc'
Slack : 90.687
TNS   : 0.000

Type  : Fast 1200mV 0C Model Minimum Pulse Width 'clocks_inst|pll_inst|altpll_component|auto_generated|pll1|clk[0]'
Slack : 244.903
TNS   : 0.000

------------------------------------------------------------
