------------------------------------------------------------
Timing Analyzer Summary
------------------------------------------------------------

Type  : Slow 1200mV 85C Model Setup 'Clock'
Slack : -2.649
TNS   : -13.937

Type  : Slow 1200mV 85C Model Setup 'clk_scki'
Slack : 1.242
TNS   : 0.000

Type  : Slow 1200mV 85C Model Setup 'clk_virtual'
Slack : 1.416
TNS   : 0.000

Type  : Slow 1200mV 85C Model Setup 'int_osc_clk'
Slack : 6.141
TNS   : 0.000

Type  : Slow 1200mV 85C Model Hold 'Clock'
Slack : 0.341
TNS   : 0.000

Type  : Slow 1200mV 85C Model Hold 'clk_scki'
Slack : 0.363
TNS   : 0.000

Type  : Slow 1200mV 85C Model Hold 'int_osc_clk'
Slack : 0.712
TNS   : 0.000

Type  : Slow 1200mV 85C Model Hold 'clk_virtual'
Slack : 56.964
TNS   : 0.000

Type  : Slow 1200mV 85C Model Recovery 'Clock'
Slack : 26.738
TNS   : 0.000

Type  : Slow 1200mV 85C Model Removal 'Clock'
Slack : 1.009
TNS   : 0.000

Type  : Slow 1200mV 85C Model Minimum Pulse Width 'int_osc_clk'
Slack : 4.087
TNS   : 0.000

Type  : Slow 1200mV 85C Model Minimum Pulse Width 'Clock'
Slack : 29.159
TNS   : 0.000

Type  : Slow 1200mV 85C Model Minimum Pulse Width 'clk_scki'
Slack : 30.938
TNS   : 0.000

Type  : Slow 1200mV 85C Model Minimum Pulse Width 'uc_top_wrp_vlog_inst|flashload_inst|flash_inst|onchip_flash_0|altera_onchip_flash_block|ufm_block|osc'
Slack : 90.689
TNS   : 0.000

Type  : Slow 1200mV 85C Model Minimum Pulse Width 'clocks_inst|pll_inst|altpll_component|auto_generated|pll1|clk[0]'
Slack : 244.780
TNS   : 0.000

Type  : Slow 1200mV 0C Model Setup 'Clock'
Slack : -2.565
TNS   : -13.627

Type  : Slow 1200mV 0C Model Setup 'clk_scki'
Slack : 1.975
TNS   : 0.000

Type  : Slow 1200mV 0C Model Setup 'clk_virtual'
Slack : 2.167
TNS   : 0.000

Type  : Slow 1200mV 0C Model Setup 'int_osc_clk'
Slack : 6.376
TNS   : 0.000

Type  : Slow 1200mV 0C Model Hold 'Clock'
Slack : 0.303
TNS   : 0.000

Type  : Slow 1200mV 0C Model Hold 'clk_scki'
Slack : 0.324
TNS   : 0.000

Type  : Slow 1200mV 0C Model Hold 'int_osc_clk'
Slack : 0.671
TNS   : 0.000

Type  : Slow 1200mV 0C Model Hold 'clk_virtual'
Slack : 56.442
TNS   : 0.000

Type  : Slow 1200mV 0C Model Recovery 'Clock'
Slack : 27.014
TNS   : 0.000

Type  : Slow 1200mV 0C Model Removal 'Clock'
Slack : 0.927
TNS   : 0.000

Type  : Slow 1200mV 0C Model Minimum Pulse Width 'int_osc_clk'
Slack : 4.073
TNS   : 0.000

Type  : Slow 1200mV 0C Model Minimum Pulse Width 'Clock'
Slack : 29.128
TNS   : 0.000

Type  : Slow 1200mV 0C Model Minimum Pulse Width 'clk_scki'
Slack : 30.860
TNS   : 0.000

Type  : Slow 1200mV 0C Model Minimum Pulse Width 'uc_top_wrp_vlog_inst|flashload_inst|flash_inst|onchip_flash_0|altera_onchip_flash_block|ufm_block|osc'
Slack : 90.676
TNS   : 0.000

Type  : Slow 1200mV 0C Model Minimum Pulse Width 'clocks_inst|pll_inst|altpll_component|auto_generated|pll1|clk[0]'
Slack : 244.884
TNS   : 0.000

Type  : Fast 1200mV 0C Model Setup 'Clock'
Slack : -1.397
TNS   : -6.526

Type  : Fast 1200mV 0C Model Setup 'clk_virtual'
Slack : 6.249
TNS   : 0.000

Type  : Fast 1200mV 0C Model Setup 'clk_scki'
Slack : 6.462
TNS   : 0.000

Type  : Fast 1200mV 0C Model Setup 'int_osc_clk'
Slack : 7.676
TNS   : 0.000

Type  : Fast 1200mV 0C Model Hold 'Clock'
Slack : -0.552
TNS   : -1.556

Type  : Fast 1200mV 0C Model Hold 'clk_scki'
Slack : 0.152
TNS   : 0.000

Type  : Fast 1200mV 0C Model Hold 'int_osc_clk'
Slack : 0.244
TNS   : 0.000

Type  : Fast 1200mV 0C Model Hold 'clk_virtual'
Slack : 53.367
TNS   : 0.000

Type  : Fast 1200mV 0C Model Recovery 'Clock'
Slack : 29.380
TNS   : 0.000

Type  : Fast 1200mV 0C Model Removal 'Clock'
Slack : 0.415
TNS   : 0.000

Type  : Fast 1200mV 0C Model Minimum Pulse Width 'int_osc_clk'
Slack : 4.085
TNS   : 0.000

Type  : Fast 1200mV 0C Model Minimum Pulse Width 'Clock'
Slack : 28.834
TNS   : 0.000

Type  : Fast 1200mV 0C Model Minimum Pulse Width 'clk_scki'
Slack : 30.919
TNS   : 0.000

Type  : Fast 1200mV 0C Model Minimum Pulse Width 'uc_top_wrp_vlog_inst|flashload_inst|flash_inst|onchip_flash_0|altera_onchip_flash_block|ufm_block|osc'
Slack : 90.687
TNS   : 0.000

Type  : Fast 1200mV 0C Model Minimum Pulse Width 'clocks_inst|pll_inst|altpll_component|auto_generated|pll1|clk[0]'
Slack : 244.903
TNS   : 0.000

------------------------------------------------------------
